Collecting torch==2.6.0
  Using cached torch-2.6.0-cp312-cp312-win_amd64.whl.metadata (28 kB)
Collecting torchvision==0.21.0
  Using cached torchvision-0.21.0-cp312-cp312-win_amd64.whl.metadata (6.3 kB)
Collecting ultralytics==8.3.79
  Using cached ultralytics-8.3.79-py3-none-any.whl.metadata (35 kB)
Collecting filelock (from torch==2.6.0)
  Using cached filelock-3.32.2-py3-none-any.whl.metadata (2.0 kB)
Requirement already satisfied: typing-extensions>=4.10.0 in c:\users\user\estatevision\worker\venv\lib\site-packages (from torch==2.6.0) (4.16.0)
Collecting networkx (from torch==2.6.0)
  Using cached networkx-3.6.1-py3-none-any.whl.metadata (6.8 kB)
Collecting jinja2 (from torch==2.6.0)
  Using cached jinja2-3.1.6-py3-none-any.whl.metadata (2.9 kB)
Collecting fsspec (from torch==2.6.0)
  Using cached fsspec-2026.7.0-py3-none-any.whl.metadata (10 kB)
Collecting setuptools (from torch==2.6.0)
  Downloading setuptools-84.0.0-py3-none-any.whl.metadata (6.6 kB)
Collecting sympy==1.13.1 (from torch==2.6.0)
  Using cached sympy-1.13.1-py3-none-any.whl.metadata (12 kB)
Requirement already satisfied: numpy in c:\users\user\estatevision\worker\venv\lib\site-packages (from torchvision==0.21.0) (2.0.2)
Collecting pillow!=8.3.*,>=5.3.0 (from torchvision==0.21.0)
  Using cached pillow-12.3.0-cp312-cp312-win_amd64.whl.metadata (9.3 kB)
Collecting matplotlib>=3.3.0 (from ultralytics==8.3.79)
  Using cached matplotlib-3.11.1-cp312-cp312-win_amd64.whl.metadata (80 kB)
Collecting opencv-python>=4.6.0 (from ultralytics==8.3.79)
  Using cached opencv_python-5.0.0.93-cp37-abi3-win_amd64.whl.metadata (20 kB)
Requirement already satisfied: pyyaml>=5.3.1 in c:\users\user\estatevision\worker\venv\lib\site-packages (from ultralytics==8.3.79) (6.0.3)
Collecting requests>=2.23.0 (from ultralytics==8.3.79)
  Using cached requests-2.34.2-py3-none-any.whl.metadata (4.8 kB)
Collecting scipy>=1.4.1 (from ultralytics==8.3.79)
  Using cached scipy-1.18.0-cp312-cp312-win_amd64.whl.metadata (61 kB)
Collecting tqdm>=4.64.0 (from ultralytics==8.3.79)
  Using cached tqdm-4.70.0-py3-none-any.whl.metadata (57 kB)
Collecting psutil (from ultralytics==8.3.79)
  Using cached psutil-7.2.2-cp37-abi3-win_amd64.whl.metadata (22 kB)
Collecting py-cpuinfo (from ultralytics==8.3.79)
  Using cached py_cpuinfo-9.0.0-py3-none-any.whl.metadata (794 bytes)
Collecting pandas>=1.1.4 (from ultralytics==8.3.79)
  Using cached pandas-3.0.5-cp312-cp312-win_amd64.whl.metadata (19 kB)
Collecting seaborn>=0.11.0 (from ultralytics==8.3.79)
  Using cached seaborn-0.13.2-py3-none-any.whl.metadata (5.4 kB)
Collecting ultralytics-thop>=2.0.0 (from ultralytics==8.3.79)
  Using cached ultralytics_thop-2.1.6-py3-none-any.whl.metadata (13 kB)
Collecting mpmath<1.4,>=1.1.0 (from sympy==1.13.1->torch==2.6.0)
  Using cached mpmath-1.3.0-py3-none-any.whl.metadata (8.6 kB)
Collecting contourpy>=1.0.1 (from matplotlib>=3.3.0->ultralytics==8.3.79)
  Using cached contourpy-1.3.3-cp312-cp312-win_amd64.whl.metadata (5.5 kB)
Collecting cycler>=0.10 (from matplotlib>=3.3.0->ultralytics==8.3.79)
  Using cached cycler-0.12.1-py3-none-any.whl.metadata (3.8 kB)
Collecting fonttools>=4.28.2 (from matplotlib>=3.3.0->ultralytics==8.3.79)
  Using cached fonttools-4.63.0-cp312-cp312-win_amd64.whl.metadata (121 kB)
Collecting kiwisolver>=1.3.1 (from matplotlib>=3.3.0->ultralytics==8.3.79)
  Using cached kiwisolver-1.5.0-cp312-cp312-win_amd64.whl.metadata (5.2 kB)
Requirement already satisfied: packaging>=20.0 in c:\users\user\estatevision\worker\venv\lib\site-packages (from matplotlib>=3.3.0->ultralytics==8.3.79) (26.3)
Collecting pyparsing>=3 (from matplotlib>=3.3.0->ultralytics==8.3.79)
  Using cached pyparsing-3.3.2-py3-none-any.whl.metadata (5.8 kB)
Requirement already satisfied: python-dateutil>=2.7 in c:\users\user\estatevision\worker\venv\lib\site-packages (from matplotlib>=3.3.0->ultralytics==8.3.79) (2.9.0.post0)
Collecting tzdata (from pandas>=1.1.4->ultralytics==8.3.79)
  Using cached tzdata-2026.3-py2.py3-none-any.whl.metadata (1.4 kB)
Collecting charset_normalizer<4,>=2 (from requests>=2.23.0->ultralytics==8.3.79)
  Using cached charset_normalizer-3.4.9-cp312-cp312-win_amd64.whl.metadata (42 kB)
Requirement already satisfied: idna<4,>=2.5 in c:\users\user\estatevision\worker\venv\lib\site-packages (from requests>=2.23.0->ultralytics==8.3.79) (3.18)
Requirement already satisfied: urllib3<3,>=1.26 in c:\users\user\estatevision\worker\venv\lib\site-packages (from requests>=2.23.0->ultralytics==8.3.79) (2.7.0)
Requirement already satisfied: certifi>=2023.5.7 in c:\users\user\estatevision\worker\venv\lib\site-packages (from requests>=2.23.0->ultralytics==8.3.79) (2026.7.22)
Requirement already satisfied: colorama in c:\users\user\estatevision\worker\venv\lib\site-packages (from tqdm>=4.64.0->ultralytics==8.3.79) (0.4.6)
Collecting MarkupSafe>=2.0 (from jinja2->torch==2.6.0)
  Using cached markupsafe-3.0.3-cp312-cp312-win_amd64.whl.metadata (2.8 kB)
Requirement already satisfied: six>=1.5 in c:\users\user\estatevision\worker\venv\lib\site-packages (from python-dateutil>=2.7->matplotlib>=3.3.0->ultralytics==8.3.79) (1.17.0)
Downloading torch-2.6.0-cp312-cp312-win_amd64.whl (204.1 MB)
   ---------------------------------------- 204.1/204.1 MB 1.3 MB/s eta 0:00:00
Downloading torchvision-0.21.0-cp312-cp312-win_amd64.whl (1.6 MB)
   ---------------------------------------- 1.6/1.6 MB 923.5 kB/s eta 0:00:00
Downloading ultralytics-8.3.79-py3-none-any.whl (921 kB)
   -------------------------------------- 921.8/921.8 kB 981.7 kB/s eta 0:00:00
Downloading sympy-1.13.1-py3-none-any.whl (6.2 MB)
   ---------------------------------------- 6.2/6.2 MB 2.0 MB/s eta 0:00:00
Using cached matplotlib-3.11.1-cp312-cp312-win_amd64.whl (9.3 MB)
Using cached opencv_python-5.0.0.93-cp37-abi3-win_amd64.whl (44.0 MB)
Downloading pandas-3.0.5-cp312-cp312-win_amd64.whl (9.8 MB)
   ---------------------------------------- 9.8/9.8 MB 2.3 MB/s eta 0:00:00
Using cached pillow-12.3.0-cp312-cp312-win_amd64.whl (7.2 MB)
Using cached requests-2.34.2-py3-none-any.whl (73 kB)
Downloading scipy-1.18.0-cp312-cp312-win_amd64.whl (36.6 MB)
   ---------------------------------------- 36.6/36.6 MB 2.1 MB/s eta 0:00:00
Downloading seaborn-0.13.2-py3-none-any.whl (294 kB)
Downloading tqdm-4.70.0-py3-none-any.whl (80 kB)
Using cached ultralytics_thop-2.1.6-py3-none-any.whl (30 kB)
Using cached filelock-3.32.2-py3-none-any.whl (98 kB)
Using cached fsspec-2026.7.0-py3-none-any.whl (206 kB)
Using cached jinja2-3.1.6-py3-none-any.whl (134 kB)
Using cached networkx-3.6.1-py3-none-any.whl (2.1 MB)
Using cached psutil-7.2.2-cp37-abi3-win_amd64.whl (137 kB)
Downloading py_cpuinfo-9.0.0-py3-none-any.whl (22 kB)
Downloading setuptools-84.0.0-py3-none-any.whl (818 kB)
   ---------------------------------------- 818.2/818.2 kB 2.1 MB/s eta 0:00:00
Using cached charset_normalizer-3.4.9-cp312-cp312-win_amd64.whl (162 kB)
Using cached contourpy-1.3.3-cp312-cp312-win_amd64.whl (226 kB)
Using cached cycler-0.12.1-py3-none-any.whl (8.3 kB)
Using cached fonttools-4.63.0-cp312-cp312-win_amd64.whl (2.3 MB)
Using cached kiwisolver-1.5.0-cp312-cp312-win_amd64.whl (73 kB)
Using cached markupsafe-3.0.3-cp312-cp312-win_amd64.whl (15 kB)
Using cached mpmath-1.3.0-py3-none-any.whl (536 kB)
Using cached pyparsing-3.3.2-py3-none-any.whl (122 kB)
Downloading tzdata-2026.3-py2.py3-none-any.whl (348 kB)
Installing collected packages: py-cpuinfo, mpmath, tzdata, tqdm, sympy, setuptools, scipy, pyparsing, psutil, pillow, opencv-python, networkx, MarkupSafe, kiwisolver, fsspec, fonttools, filelock, cycler, contourpy, charset_normalizer, requests, pandas, matplotlib, jinja2, torch, seaborn, ultralytics-thop, torchvision, ultralytics
Successfully installed MarkupSafe-3.0.3 charset_normalizer-3.4.9 contourpy-1.3.3 cycler-0.12.1 filelock-3.32.2 fonttools-4.63.0 fsspec-2026.7.0 jinja2-3.1.6 kiwisolver-1.5.0 matplotlib-3.11.1 mpmath-1.3.0 networkx-3.6.1 opencv-python-5.0.0.93 pandas-3.0.5 pillow-12.3.0 psutil-7.2.2 py-cpuinfo-9.0.0 pyparsing-3.3.2 requests-2.34.2 scipy-1.18.0 seaborn-0.13.2 setuptools-84.0.0 sympy-1.13.1 torch-2.6.0 torchvision-0.21.0 tqdm-4.70.0 tzdata-2026.3 ultralytics-8.3.79 ultralytics-thop-2.1.6
EXIT=0
